// Jest Snapshot v1, https://goo.gl/fbAQLP

exports[`Gallery should render correctly 1`] = `
<nodes__Container
  className=""
>
  <div
    className=""
  >
    <nodes__ItemDefault
      className=""
      columnIndex={0}
      disableLastRowDetecting={false}
      gutterInPercent={0.5}
      isIncomplete={true}
      key="column-https://dummyimage.com/100x100/eee/eee-0-0"
      newWidth={200}
      newWidthInPercent={20}
      rowLength={1}
    >
      <ViewMonitor
        disableObserver={false}
        tag="div"
      >
        <Component />
      </ViewMonitor>
    </nodes__ItemDefault>
  </div>
  <div />
</nodes__Container>
`;
