// Jest Snapshot v1, https://goo.gl/fbAQLP

exports[`Gallery should render correctly 1`] = `
<nodes__Container
  className=""
>
  <div
    className=""
  >
    <div
      className=""
      key="column-https://dummyimage.com/100x100/eee/eee-0-0"
      style={
        Object {
          "display": "inline-block",
          "margin": "0 0 0.5% 0",
          "maxWidth": null,
          "position": "relative",
          "verticalAlign": "top",
          "width": "20%",
        }
      }
    >
      <ViewMonitor
        disableActualImage={false}
        disableObserver={false}
        tag="div"
      >
        <Component />
      </ViewMonitor>
    </div>
  </div>
  <div />
</nodes__Container>
`;
